******************************************************************************
          TMS320C6x COFF Linker PC v5.1.0                      
******************************************************************************
>> Linked Sun Feb 21 15:41:26 2010

OUTPUT FILE NAME:   <./Debug/tp2.out>
ENTRY POINT SYMBOL: "_c_int00"  address: 00011bc0


MEMORY CONFIGURATION

                  name            origin    length      used    attr    fill
         ----------------------  --------  ---------  --------  ----  --------
         IRAM                    00000000   00030000  000123d2  RWIX
         CACHE_L2                00030000   00010000  00000000  RWIX
         SDRAM                   80000000   01000000  00008000  RWIX


SECTION ALLOCATION MAP

 output                                  attributes/
section   page    origin      length       input sections
--------  ----  ----------  ----------   ----------------
.SDRAM$heap 
*          0    80000000    00008000     UNINITIALIZED

.prd       0    00000000    00000000     UNINITIALIZED

.sysdata   0    00000000    00000000     UNINITIALIZED

.sysregs   0    00000000    00000000     UNINITIALIZED

.data      0    00000000    00000000     UNINITIALIZED

.cio       0    00000000    00000000     UNINITIALIZED

frt        0    00000000    00000000     UNINITIALIZED

.gio       0    00000000    00000000     UNINITIALIZED

.dsm       0    00000000    00000000     UNINITIALIZED

.hwi       0    00000000    00000000     UNINITIALIZED

.hwi_vec   0    00000000    00000200     
                  00000000    00000200     dsk6713cfg.obj (.hwi_vec)

.IRAM$heap 
*          0    00000200    00008000     UNINITIALIZED

.bios      0    00008200    00003d00     
                  00008200    000006e0     biosi.a62 : swi.o62 (.bios)
                  000088e0    00000540     lnkrtdx.a62 : rtdx.o62 (.bios)
                  00008e20    00000440     biosi.a62 : hwi_disp_asm.o6 (.bios)
                  00009260    00000320               : prd.o62 (.bios)
                  00009580    000002a0               : knl_run_inst.o6 (.bios)
                  00009820    000002a0               : sem_pend_inst.o (.bios)
                  00009ac0    00000280               : rta.o62 (.bios)
                  00009d40    00000260               : knl_tick_inst.o (.bios)
                  00009fa0    00000220               : clk.o62 (.bios)
                  0000a1c0    00000220               : pip.o62 (.bios)
                  0000a3e0    00000200               : sem_dopo_inst.o (.bios)
                  0000a5e0    00000200               : tsk_setu_inst.o (.bios)
                  0000a7e0    000001e0               : tsk_exit_inst.o (.bios)
                  0000a9c0    000001c0               : knl_swit_inst.o (.bios)
                  0000ab80    000001a0               : autoinit.o62 (.bios)
                  0000ad20    00000120               : tsk_stup_inst.o (.bios)
                  0000ae40    00000100               : knl_exit_inst.o (.bios)
                  0000af40    00000100               : gbl_cslcacheini (.bios)
                  0000b040    00000100               : knl_chec_inst.o (.bios)
                  0000b140    00000100               : idl_cal.o62 (.bios)
                  0000b240    000000e0               : sem_post_asm_in (.bios)
                  0000b320    000000e0               : sem_post_inst.o (.bios)
                  0000b400    000000c0               : sys_exit_inst.o (.bios)
                  0000b4c0    000000c0               : knl_post_inst.o (.bios)
                  0000b580    000000c0               : mem_init_inst.o (.bios:.near)
                  0000b640    000000c0               : lck_inst.o62 (.bios)
                  0000b700    000000a0               : clk_start6x.o62 (.bios)
                  0000b7a0    000000a0               : knl_ipos_inst.o (.bios)
                  0000b840    000000a0               : atm_inst.o62 (.bios)
                  0000b8e0    00000080               : log.o62 (.bios)
                  0000b960    00000080               : idl_busy.o62 (.bios)
                  0000b9e0    00000080               : gbl_cslinit62.o (.bios)
                  0000ba60    00000080               : fxn.o62 (.bios)
                  0000bae0    00000060               : tsk_init_inst.o (.bios)
                  0000bb40    00000060               : que_get_inst.o6 (.bios)
                  0000bba0    00000060               : sts.o62 (.bios)
                  0000bc00    00000060               : utl_putc_inst.o (.bios)
                  0000bc60    00000060               : sem_pend_asm_in (.bios)
                  0000bcc0    00000060               : trc_c.o62 (.bios)
                  0000bd20    00000060               : utl_doab_inst.o (.bios)
                  0000bd80    00000040               : idl_stub_inst.o (.bios)
                  0000bdc0    00000040               : rta_andn.o62 (.bios)
                  0000be00    00000040               : swi_post.o62 (.bios)
                  0000be40    00000020               : gbl_vers.o62 (.bios)
                  0000be60    00000020               : utl_halt_inst.o (.bios)
                  0000be80    00000020               : utl_doer_inst.o (.bios)
                  0000bea0    00000020               : sts_set.o62 (.bios)
                  0000bec0    00000020               : fxn_c.o62 (.bios)
                  0000bee0    00000020               : idl.o62 (.bios)

.text      0    0000bf00    000028a0     
                  0000bf00    00000480     dsk6713bsl.lib : dsk6713.obj (.text)
                  0000c380    00000320                    : dsk6713_aic23_opencodec.obj (.text)
                  0000c6a0    000002e0     sinegraph.obj (.text)
                  0000c980    000002c0     csl6713.lib : csl_cache.obj (.text:_CACHE_setL2Mode)
                  0000cc40    00000240                 : csl_cache.obj (.text:_CACHE_wait)
                  0000ce80    00000240     rts6700.lib : memcpy62.obj (.text:_memcpy)
                  0000d0c0    00000220     csl6713.lib : csl.obj (.text:__CSL_init)
                  0000d2e0    000001e0     biosi.a62 : gbl_cslpllinit6 (.text)
                  0000d4c0    000001c0     csl6713.lib : csl_irq.obj (.text:_mux2Tables)
                  0000d680    000001a0     dsk6713bsl.lib : dsk6713_led.obj (.text)
                  0000d820    000001a0     csl6713.lib : csl_mcbsp.obj (.text:_MCBSP_reset)
                  0000d9c0    00000180                 : csl_cache.obj (.text:_CACHE_clean)
                  0000db40    00000160     dsk6713bsl.lib : dsk6713_aic23_registers.obj (.text)
                  0000dca0    00000140     csl6713.lib : csl_timer.obj (.text:_TIMER_open)
                  0000dde0    00000120                 : csl_timer.obj (.text:_TIMER_reset)
                  0000df00    00000100                 : csl_cache.obj (.text:_CACHE_wbInvL1d)
                  0000e000    00000100                 : csl_mcbsp.obj (.text:_MCBSP_start)
                  0000e100    00000100     rts6700.lib : remi.obj (.text:__remi)
                  0000e200    00000100     csl6713.lib : csl_mcbsp.obj (.text:_MCBSP_open)
                  0000e300    000000e0     rts6700.lib : strasg.obj (.text:__strasg)
                  0000e3e0    000000e0                 : exit.obj (.text:_atexit)
                  0000e4c0    000000a0     csl6713.lib : csl_irq.obj (.text:__IRQ_init)
                  0000e560    00000080     dsk6713bsl.lib : dsk6713_dip.obj (.text)
                  0000e5e0    00000060     csl6713.lib : csl_timer.obj (.text:_TIMER_configArgs)
                  0000e640    00000040                 : csl_irq.obj (.text:_IRQ_enable)
                  0000e680    00000040                 : csl_timer.obj (.text:_TIMER_start)
                  0000e6c0    00000020                 : csl_irq.obj (.text)
                  0000e6e0    00000020     dsk6713cfg_c.obj (.text:CSL_cfgInit)
                  0000e700    00000020     csl6713.lib : csl_irq.obj (.text:_IRQ_globalRestore)
                  0000e720    00000020                 : csl_irq.obj (.text:_IRQ_globalDisable)
                  0000e740    00000020     rts6700.lib : _lock.obj (.text:__nop)
                  0000e760    00000020                 : _lock.obj (.text:__register_lock)
                  0000e780    00000020                 : _lock.obj (.text:__register_unlock)

.cinit     0    0000e7a0    00000e9c     
                  0000e7a0    0000057c     dsk6713cfg.obj (.cinit)
                  0000ed1c    00000004     --HOLE-- [fill = 0]
                  0000ed20    000002dc     biosi.a62 : biosdata.o62 (.cinit)
                  0000effc    00000004     --HOLE-- [fill = 0]
                  0000f000    0000012c     csl6713.lib : csl_irq.obj (.cinit)
                  0000f12c    00000004     --HOLE-- [fill = 0]
                  0000f130    000000a8     biosi.a62 : knl_inst.o62 (.cinit)
                  0000f1d8    00000098     sinegraph.obj (.cinit)
                  0000f270    0000005c     lnkrtdx.a62 : rtdx.o62 (.cinit)
                  0000f2cc    00000004     --HOLE-- [fill = 0]
                  0000f2d0    00000054     csl6713.lib : csl_mcbsp.obj (.cinit)
                  0000f324    00000004     --HOLE-- [fill = 0]
                  0000f328    0000004c                 : csl_timer.obj (.cinit)
                  0000f374    00000004     --HOLE-- [fill = 0]
                  0000f378    0000004c     biosi.a62 : tsk_inst.o62 (.cinit)
                  0000f3c4    00000004     --HOLE-- [fill = 0]
                  0000f3c8    0000004c               : rta.o62 (.cinit)
                  0000f414    00000004     --HOLE-- [fill = 0]
                  0000f418    00000048               : knl_inst.o62 (.cinit:c)
                  0000f460    0000003c     csl6713.lib : csl.obj (.cinit)
                  0000f49c    00000004     --HOLE-- [fill = 0]
                  0000f4a0    00000030     dsk6713bsl.lib : dsk6713_aic23_registers.obj (.cinit)
                  0000f4d0    0000002c     biosi.a62 : tsk_stup_inst.o (.cinit)
                  0000f4fc    00000004     --HOLE-- [fill = 0]
                  0000f500    0000002c               : utl_putc_inst.o (.cinit)
                  0000f52c    00000004     --HOLE-- [fill = 0]
                  0000f530    0000002c     rts6700.lib : exit.obj (.cinit)
                  0000f55c    00000004     --HOLE-- [fill = 0]
                  0000f560    0000001c                 : _lock.obj (.cinit)
                  0000f57c    00000004     --HOLE-- [fill = 0]
                  0000f580    0000001c     biosi.a62 : hwi.o62 (.cinit)
                  0000f59c    00000004     --HOLE-- [fill = 0]
                  0000f5a0    00000018               : knl_tick_inst.o (.cinit)
                  0000f5b8    00000010               : sys_inst.o62 (.cinit:c)
                  0000f5c8    00000010               : clk_start6x.o62 (.cinit)
                  0000f5d8    00000010               : gbl.o62 (.cinit:c)
                  0000f5e8    00000010               : tsk_inst.o62 (.cinit:c)
                  0000f5f8    0000000c     rtdx.lib : buffer1.o62 (.cinit)
                  0000f604    00000004     --HOLE-- [fill = 0]
                  0000f608    0000000c     biosi.a62 : idl_busy.o62 (.cinit)
                  0000f614    00000004     --HOLE-- [fill = 0]
                  0000f618    0000000c               : knl_swit_inst.o (.cinit)
                  0000f624    00000004     --HOLE-- [fill = 0]
                  0000f628    0000000c     csl6713.lib : csl_cache.obj (.cinit)
                  0000f634    00000008     --HOLE-- [fill = 0]

.mem       0    0000f63c    00000004     UNINITIALIZED
                  0000f63c    00000004     dsk6713cfg.obj (.mem)

.rtdx_text 
*          0    0000f640    00000cc0     
                  0000f640    00000700     rtdx.lib : rtdx_mon.o62 (.rtdx_text)
                  0000fd40    00000580              : buffer1.o62 (.rtdx_text)
                  000102c0    00000040              : intr_tgt.o62 (.rtdx_text)

.far       0    00010300    000004dc     UNINITIALIZED
                  00010300    0000028c     sinegraph.obj (.far)
                  0001058c    000000f4     csl6713.lib : csl_irq.obj (.far)
                  00010680    0000008c     rts6700.lib : exit.obj (.far)
                  0001070c    00000038     csl6713.lib : csl_mcbsp.obj (.far)
                  00010744    00000028                 : csl.obj (.far)
                  0001076c    00000028     dsk6713bsl.lib : dsk6713_aic23_registers.obj (.far)
                  00010794    00000024     csl6713.lib : csl_timer.obj (.far)
                  000107b8    0000000c     biosi.a62 : utl_putc_inst.o (.far)
                  000107c4    00000008     dsk6713bsl.lib : dsk6713_aic23_opencodec.obj (.far)
                  000107cc    00000008     rts6700.lib : _lock.obj (.far)
                  000107d4    00000004     csl6713.lib : csl_cache.obj (.far)
                  000107d8    00000002     dsk6713bsl.lib : dsk6713_led.obj (.far)
                  000107da    00000002                    : dsk6713.obj (.far)

.bss       0    000107dc    000004c8     UNINITIALIZED
                  000107dc    00000134     biosi.a62 : biosdata.o62 (.bss)
                  00010910    00000100               : hwi_disp_asm.o6 (.bss)
                  00010a10    000000e0               : knl_inst.o62 (.bss)
                  00010af0    0000009c     dsk6713cfg.obj (.bss)
                  00010b8c    00000040     biosi.a62 : knl_inst.o62 (.bss:c)
                  00010bcc    00000038               : tsk_inst.o62 (.bss)
                  00010c04    00000024               : tsk_stup_inst.o (.bss)
                  00010c28    00000020               : sys_inst.o62 (.bss)
                  00010c48    00000018     lnkrtdx.a62 : rtdx.o62 (.bss)
                  00010c60    00000010     biosi.a62 : knl_tick_inst.o (.bss)
                  00010c70    00000008               : clk_start6x.o62 (.bss)
                  00010c78    00000008               : gbl.o62 (.bss:c)
                  00010c80    00000008               : sys_inst.o62 (.bss:c)
                  00010c88    00000008               : tsk_inst.o62 (.bss:c)
                  00010c90    00000008               : hwi.o62 (.bss)
                  00010c98    00000004               : idl_busy.o62 (.bss)
                  00010c9c    00000004               : gbl_cslinit62.o (.bss)
                  00010ca0    00000004               : mem_asm.o62 (.bss)

.rtdx_data 
*          0    00010ca4    0000044c     UNINITIALIZED
                  00010ca4    00000410     dsk6713cfg.obj (.rtdx_data)
                  000110b4    00000020     rtdx.lib : buffer1.o62 (.rtdx_data)
                  000110d4    0000001c              : rtdx_mon.o62 (.rtdx_data)

.stack     0    000110f0    00000400     
                  000110f0    00000400     --HOLE-- [fill = 00c0ffee]

.TSK_idle$stk 
*          0    000114f0    00000400     UNINITIALIZED
                  000114f0    00000400     dsk6713cfg.obj (.TSK_idle$stk)

.hst1      0    000118f0    00000010     UNINITIALIZED
                  000118f0    00000010     dsk6713cfg.obj (.hst1)

.sysinit   0    00011900    000003a0     
                  00011900    000002c0     dsk6713cfg.obj (.sysinit)
                  00011bc0    000000e0     biosi.a62 : boot.o62 (.sysinit)

.trace     0    00011ca0    00000200     
                  00011ca0    00000200     --HOLE-- [fill = 00000000]

.hst0      0    00011ea0    00000100     UNINITIALIZED
                  00011ea0    00000100     dsk6713cfg.obj (.hst0)

.tsk       0    00011fa0    00000060     UNINITIALIZED
                  00011fa0    00000060     dsk6713cfg.obj (.tsk)

.LOG_system$buf 
*          0    00012000    00000100     
                  00012000    00000100     dsk6713cfg.obj (.LOG_system$buf) [fill = ffffffff]

.pip       0    00012100    000000c8     UNINITIALIZED
                  00012100    000000c8     dsk6713cfg.obj (.pip)

.const     0    000121c8    000000c6     
                  000121c8    00000040     dsk6713bsl.lib : dsk6713_aic23_opencodec.obj (.const)
                  00012208    00000020                    : dsk6713.obj (.const)
                  00012228    00000020     csl6713.lib : csl_cache.obj (.const)
                  00012248    00000023     biosi.a62 : utl_doab_inst.o (.const)
                  0001226b    00000022               : utl_doer_inst.o (.const)
                  0001228d    00000001               : tsk_inst.o62 (.const)

.sts       0    00012290    00000030     
                  00012290    00000030     dsk6713cfg.obj (.sts)

.swi       0    000122c0    0000002c     UNINITIALIZED
                  000122c0    0000002c     dsk6713cfg.obj (.swi)

.hst       0    000122ec    0000002c     UNINITIALIZED
                  000122ec    0000002c     dsk6713cfg.obj (.hst)

.gblinit   0    00012318    00000028     
                  00012318    00000028     dsk6713cfg.obj (.gblinit)

.switch    0    00012340    00000028     
                  00012340    00000028     rtdx.lib : rtdx_mon.o62 (.switch)

.idl       0    00012368    00000020     UNINITIALIZED
                  00012368    00000010     dsk6713cfg.obj (.idl)
                  00012378    00000010     dsk6713cfg.obj (.idlcal)

.log       0    00012388    00000018     
                  00012388    00000018     dsk6713cfg.obj (.log)

.sys       0    000123a0    00000010     UNINITIALIZED
                  000123a0    00000010     dsk6713cfg.obj (.sys)

.trcdata   0    000123b0    0000000c     
                  000123b0    0000000c     dsk6713cfg.obj (.trcdata)

.pinit     0    000123bc    0000000c     
                  000123bc    00000004     rtdx.lib : rtdx_mon.o62 (.pinit)
                  000123c0    00000004              : buffer1.o62 (.pinit)
                  000123c4    00000004     --HOLE-- [fill = 0]

.clk       0    000123c8    00000008     UNINITIALIZED
                  000123c8    00000008     dsk6713cfg.obj (.clk)

.args      0    000123d0    00000004     
                  000123d0    00000004     --HOLE-- [fill = 00000000]


GLOBAL SYMBOLS: SORTED ALPHABETICALLY BY Name 

address    name
--------   ----
000107dc   $bss
000107dc   .bss
00000000   .data
0000bf00   .text
00011abc   BIOS$$CLKOFF
00011a8c   BIOS$$CLKON
00011900   BIOS_init
00011b1c   BIOS_start
00000000   BUF$
00000001   BUF_ENABLED
ffffffff   CACHE_L2
00000001   CLK$
000123c8   CLK_A_TABBEG
000123d0   CLK_A_TABEND
00000008   CLK_A_TABLEN
0000dbba   CLK_COUNTSPMS
00000000   CLK_COUNTSPMSHIGH
00010804   CLK_D_idletime
00010800   CLK_D_isrhook
000107fc   CLK_D_tabbeg
000107f8   CLK_D_timefxn
00009fa0   CLK_F_getfhtime
00009fc0   CLK_F_gethtime
0000a034   CLK_F_getltime
00009fc0   CLK_F_getshtime
0000a040   CLK_F_isr
0000a17c   CLK_F_itime
00008e20   CLK_HOOKFXN
00004000   CLK_INTBIT
0000dbba   CLK_PRD
00000000   CLK_PRDHIGH
01940000   CLK_REGS
000107f4   CLK_R_time
00000020   CLK_TCR
00000000   CLK_TDDR
00000000   CLK_TDDRHIGH
00009fc0   CLK_TIMEFXN
00000000   CLK_TIMERNUM
00000001   CLK_USETIMER
000123cc   CLK_null
00000000   DEV$
00000000   DGN$
00000000   DHL$
00000000   DHL_gChannelsAvailable
00000000   DIO$
00000000   DIO_NUMSWIBASE
00000000   DIO_NUMTSKBASE
00000000   DIO_STATIC
00000000   DPI$
0000ba60   FXN_F_nop
0000ba68   FXN_F_run
0000bab8   FXN_F_zero
00000001   GBL$
00000490   GBL_A_VERSION
00000000   GBL_BIGENDIAN
00000000   GBL_C641XL2PRIORITY
00000000   GBL_CACHE
00000001   GBL_CALLCSLCFGINIT
00000001   GBL_ENABLEINST
00000042   GBL_FOOTPRINT
0000be40   GBL_F_version
00002226   GBL_L2ALLOC
00000000   GBL_L2CONFIGALLOC
00000001   GBL_L2CONFIGURE
00000001   GBL_L2MARMASK
00000000   GBL_L2MARMASK1
00000000   GBL_L2MARMASK2
00000000   GBL_L2MARMASK3
00000000   GBL_L2MARMASK4
00000000   GBL_L2MARMASK5
00000007   GBL_L2MODE
00000000   GBL_L2PRIORITY
00000000   GBL_NULL
00000000   GBL_ROM
00000001   GBL_SUPPORTCSL
0000dbef   GBL_TRCMASKVALUE
00000001   GBL_USERINIT
0000d308   GBL_USERINITFXN
00000001   GBL_boot
000123b8   GBL_initdone
000110f0   GBL_stackbeg
000114ef   GBL_stackend
00000000   GIO$
0000bec0   GIO_CREATEFXN
0000bec0   GIO_DELETEFXN
0000bec0   GIO_PENDFXN
0000bec0   GIO_POSTFXN
00000000   HOOK$
00000000   HOOK_KNLID
00000001   HST$
000122ec   HST_A_TABBEG
00012318   HST_A_TABEND
00000002   HST_A_TABLEN
00000000   HST_DSM
00010b0c   HST_DSMBUFSEG
00000400   HST_DSMMEMSIZE
000108f4   HST_D_chanmask
00000100   HST_MAXFRAMEALLOWED
00000040   HST_MAXFRAMESET
00000000   HST_NONE
00000001   HST_RTDX
00000001   HWI$
00000000   HWI_A_VECS
00010c90   HWI_D_ccmask
00008e20   HWI_F_dispatch
00000000   HWI_GENERATE_RESET_VEC
0000000a   HWI_INT10
0000000b   HWI_INT11
0000000c   HWI_INT12
0000000d   HWI_INT13
0000000e   HWI_INT14
0000000f   HWI_INT15
00000004   HWI_INT4
00000005   HWI_INT5
00000006   HWI_INT6
00000007   HWI_INT7
00000008   HWI_INT8
00000009   HWI_INT9
082039a3   HWI_INTRMULTHIGH
310718a4   HWI_INTRMULTLOW
00000001   HWI_NMI
00000000   HWI_POLARITYMASK
00000002   HWI_RESERVED0
00000003   HWI_RESERVED1
00000000   HWI_RESET
00000001   HWI_ZEROTAB
00000001   IDL$
00012378   IDL_A_CALBEG
00012388   IDL_A_CALEND
00000002   IDL_A_CALLEN
00012368   IDL_A_TABBEG
00012378   IDL_A_TABEND
00000002   IDL_A_TABLEN
0000bd80   IDL_CALIBRFXN
00010c98   IDL_D_busyObj
000107e4   IDL_D_calbeg
000107e0   IDL_D_calibrate
000107dc   IDL_D_tabbeg
00012374   IDL_END
00012384   IDL_END$
0000b960   IDL_F_busy
0000b140   IDL_F_calibrate
0000bee0   IDL_F_loop
0000bd80   IDL_F_stub
00000001   IDL_USECLKIDLTIME
000122b4   IDL_busyObj
000122b0   IDL_busyObj$stsobj
0001236c   IDL_cpuLoad
0001237c   IDL_cpuLoad$
00010b0c   IRAM
00000200   IRAM$B
00008000   IRAM$L
00000001   ISRC$
0000ab40   KNL_glue
000122c0   KNL_swi
00012294   KNL_swi$sts
00012290   KNL_swi$sts$stsobj
00000001   LCK$
000088e0   LNK_F_checkBufferCall
00008954   LNK_F_dataPump
00008900   LNK_F_getChanPtr
0000894c   LNK_F_init
00008df8   LNK_F_readCallBack
00012370   LNK_dataPump
00012380   LNK_dataPump$
00010c4c   LNK_dspFrameReadyMask
00010c48   LNK_dspFrameRequestMask
00008ba8   LNK_newin
00008cb8   LNK_newout
00008960   LNK_rcloop
00008a10   LNK_rdrtry
00010c54   LNK_readDone
00010c58   LNK_readFail
00010c50   LNK_readPend
00008a18   LNK_rrloop
00010c5c   LNK_writeFail
00008ad8   LNK_wrloop
00008ad0   LNK_wrrtry
00000001   LOG$
00012388   LOG_A_TABBEG
000123a0   LOG_A_TABEND
00000001   LOG_A_TABLEN
000107e8   LOG_D_system
00000001   LOG_ENABLED
0000b8e0   LOG_F_event
00012388   LOG_system
00012000   LOG_system$buf
00000040   LOG_system$size
00000000   MBX$
00000001   MEM$
00010b0c   MEM_MALLOCSEG
00000000   MEM_NULL
00010b0c   MEM_SEGZERO
00000002   MEM_gNumHeap
00000000   OBJ$
00000000   PIP$
00012100   PIP_A_TABBEG
000121c8   PIP_A_TABEND
00000002   PIP_A_TABLEN
000107ec   PIP_D_tabbeg
000107f0   PIP_D_tablen
0000a254   PIP_F_give
0000a254   PIP_F_probe
0000a328   PIP_F_start
0000a1c0   PIP_F_take
00000000   PIP_gNextId
00000002   PIP_gNumEmbed
00000001   PRD$
00000000   PRD_A_TABBEG
00000000   PRD_A_TABEND
00000000   PRD_A_TABLEN
000108b0   PRD_D_cur
000108b4   PRD_D_elapsed
000108b8   PRD_D_prevtim
000108bc   PRD_D_scalar
000108c0   PRD_D_swihandle
000108c4   PRD_D_tabbeg
000108c8   PRD_D_tablen
000108cc   PRD_D_thook
000108ac   PRD_D_tick
00009260   PRD_F_swi
000094bc   PRD_F_tick
00004000   PRD_SCALAR
00000000   PRD_SWIHANDLE
00009f78   PRD_THOOKFXN
000123c8   PRD_clock
00000001   QUE$
000108d0   RTA_D_fromHost
000108d8   RTA_D_logval
000108e8   RTA_D_stsval
000108d4   RTA_D_toHost
0000bdc0   RTA_F_andn
00009bb8   RTA_F_dispatch
00009ac0   RTA_F_getlog
00009b04   RTA_F_getsts
0000bde0   RTA_F_or
00009b4c   RTA_F_readblk
00009b78   RTA_F_resetmem
00009b6c   RTA_F_writeword
00012368   RTA_dispatcher
00012378   RTA_dispatcher$
00009bf8   RTA_execute
000122f0   RTA_fromHost
000118f0   RTA_fromHost$buf
00012100   RTA_fromHost$pipe
00012130   RTA_fromHost$pipe$aaa
00012160   RTA_fromHost$pipe$bbb
00010b14   RTA_fromHost$pipe$dtab
00012104   RTA_fromHost$pipe$rd
00012134   RTA_fromHost$pipe$wr
000122f8   RTA_fromHost$rtdx
00012304   RTA_toHost
00011ea0   RTA_toHost$buf
00012164   RTA_toHost$pipe
00012194   RTA_toHost$pipe$aaa
000121c4   RTA_toHost$pipe$bbb
00010b20   RTA_toHost$pipe$dtab
00012168   RTA_toHost$pipe$rd
00012198   RTA_toHost$pipe$wr
0001230c   RTA_toHost$rtdx
00000001   RTDX$
00000408   RTDX_BUFMEMSIZE
00010b0c   RTDX_DATAMEMSEG
00000001   RTDX_NORMALIZED_HDR
00000001   RTDX_USERTDX
00000000   RTDX_USERTEXECUTION
00010b10   SDRAM
80000000   SDRAM$B
00008000   SDRAM$L
00000000   SEM$
00000000   SIO$
00000001   STS$
00012290   STS_A_TABBEG
000122c0   STS_A_TABEND
00000003   STS_A_TABLEN
0000bbb0   STS_F_add
0000bba0   STS_F_delta
0000bbdc   STS_F_reset
00000001   SWI$
000122c0   SWI_A_TABBEG
000122ec   SWI_A_TABEND
00000001   SWI_A_TABLEN
00010814   SWI_D_curfxn
00010808   SWI_D_curmask
00010818   SWI_D_curmbox
0001080c   SWI_D_curset
00010830   SWI_D_ehook
00010820   SWI_D_execaddr
0001082c   SWI_D_ihook
0001081c   SWI_D_lock
00010810   SWI_D_pending
00010828   SWI_D_rdybeg
00010834   SWI_D_rdytab
00010824   SWI_D_runaddr
00000000   SWI_EHOOKFXN
0000849c   SWI_EXECFXN
00008200   SWI_F_enable
00008424   SWI_F_exec
0000849c   SWI_F_iexec
0000828c   SWI_F_post
00008670   SWI_F_run
00000000   SWI_IHOOKFXN
00008670   SWI_RUNFXN
00000001   SYS$
000123a0   SYS$config
0000bd20   SYS_ABORTFXN
0000be80   SYS_ERRORFXN
0000be60   SYS_EXITFXN
0000bc00   SYS_PUTCFXN
000123b4   TRC_R_mask
000123b0   TRC_cinit
00000001   TSK$
00000000   TSK_NUM_HOOKS
00000001   TSK_PRIORITY
00000000   TSK_READYFXN
00010b0c   TSK_STACKSEG
00000400   TSK_STACKSIZE
00000000   TSK_SWITCHFXN
0000bec0   TSK_VCREATEFXN
0000bec0   TSK_VDELETEFXN
0000bec0   TSK_VEXITFXN
00011fac   TSK_idle
000114f0   TSK_idle$stack
00011888   TSK_idle$stkptr
000122a4   TSK_idle$sts
000122a0   TSK_idle$sts$stsobj
00000000   UDEV$
0000b840   _ATM_andi
0000b840   _ATM_andu
0000b860   _ATM_cleari
0000b860   _ATM_clearu
0000b878   _ATM_deci
0000b878   _ATM_decu
0000b894   _ATM_inci
0000b894   _ATM_incu
0000b8b0   _ATM_ori
0000b8b0   _ATM_oru
0000b8cc   _ATM_seti
0000b8cc   _ATM_setu
00011900   _BIOS_init
00011b1c   _BIOS_start
ffffffff   _CACHE_L2
0000d9c0   _CACHE_clean
0000c980   _CACHE_setL2Mode
0000cc40   _CACHE_wait
0000df00   _CACHE_wbInvL1d
0000dbba   _CLK_COUNTSPMS
0000a17c   _CLK_F_itime
0000dbba   _CLK_PRD
01940000   _CLK_REGS
00000000   _CLK_TDDR
00000000   _CLK_TIMERNUM
00000001   _CLK_USETIMER
0000a17c   _CLK_itime
0000b700   _CLK_start
0000b700   _CLK_start6x
0000e6e0   _CSL_cfgInit
000107c4   _DSK6713_AIC23_codeccontrolhandle
000107c8   _DSK6713_AIC23_codecdatahandle
0000dc00   _DSK6713_AIC23_config
0000c380   _DSK6713_AIC23_openCodec
0000dbdc   _DSK6713_AIC23_rget
0000db40   _DSK6713_AIC23_rset
UNDEFED _DSK6713_AIC32_write
0000e568   _DSK6713_DIP_get
0000e560   _DSK6713_DIP_init
0000d680   _DSK6713_LED_init
0000d6a8   _DSK6713_LED_off
0000d704   _DSK6713_LED_on
0000d760   _DSK6713_LED_toggle
0000c314   _DSK6713_getVersion
0000bf4c   _DSK6713_init
0000c268   _DSK6713_rget
0000c27c   _DSK6713_rset
000107da   _DSK6713_version
0000c290   _DSK6713_wait
0000c2e8   _DSK6713_waitusec
0000bec0   _FXN_F_nop
0000ba68   _FXN_F_run
0000bab8   _FXN_F_zero
00000000   _GBL_CACHE
0000af40   _GBL_cslCacheInit
0000b9e0   _GBL_cslInit
00010c9c   _GBL_cslTimerHandle
00010c78   _GBL_irqEventTable
00010c7c   _GBL_irqIntTable
0000d308   _GBL_setPLLto225MHz
000122ec   _HST_A_TABBEG
00012318   _HST_A_TABEND
00000002   _HST_A_TABLEN
00010c94   _HWI_D_spsave
00008e20   _HWI_F_dispatch
0000000a   _HWI_INT10
0000000b   _HWI_INT11
0000000c   _HWI_INT12
0000000d   _HWI_INT13
0000000e   _HWI_INT14
0000000f   _HWI_INT15
00000004   _HWI_INT4
00000005   _HWI_INT5
00000006   _HWI_INT6
00000007   _HWI_INT7
00000008   _HWI_INT8
00000009   _HWI_INT9
00000001   _HWI_NMI
00000002   _HWI_RESERVED0
00000003   _HWI_RESERVED1
00000000   _HWI_RESET
000114e8   _HWI_STKBOTTOM
000110f0   _HWI_STKTOP
00010910   _HWI_dispatchTab
000122b4   _IDL_busyObj
0001236c   _IDL_cpuLoad
0000bee0   _IDL_loop
00010b0c   _IRAM
00000200   _IRAM_base
00008000   _IRAM_length
0000e640   _IRQ_enable
0000e720   _IRQ_globalDisable
0000e700   _IRQ_globalRestore
00010b94   _KNL_alarm
0000b040   _KNL_check
00010bb4   _KNL_curqueue
00010ba8   _KNL_curtask
00010bb0   _KNL_curtime
00010ab0   _KNL_dummy
0000ae40   _KNL_enter
0000aed0   _KNL_exit
0000b0f0   _KNL_idle
00010aec   _KNL_idlefxn
00010b9c   _KNL_inactive
0000b7a0   _KNL_ipost
0000b10c   _KNL_max
00010bb8   _KNL_maxqueue
0000b4c0   _KNL_post
00010bac   _KNL_prevtask
00010ba0   _KNL_priority
00010a10   _KNL_queues
00009580   _KNL_run
0000a9c0   _KNL_saveIsrFrame
00010ba4   _KNL_set
00010b98   _KNL_setpri
000122c0   _KNL_swi
00010ae8   _KNL_swiptr
0000aa8c   _KNL_switch
00010bc0   _KNL_tcreatefxn
00010bc4   _KNL_tdeletefxn
00009f78   _KNL_tick
00010bc8   _KNL_treadyfxn
00010bbc   _KNL_tswitchfxn
00010b8c   _KNL_wFlag
00010b90   _KNL_wList
0000b68c   _LCK_pend
0000b640   _LCK_post
00012370   _LNK_dataPump
00012388   _LOG_A_TABBEG
000123a0   _LOG_A_TABEND
00000001   _LOG_A_TABLEN
000107e8   _LOG_D_system
0000b8e0   _LOG_event
00012388   _LOG_system
0000e200   _MCBSP_open
0000d820   _MCBSP_reset
0000e000   _MCBSP_start
00010ca0   _MEM
000108f8   _MEM_D_NUMSEGMENTS
00010900   _MEM_D_freelist
00010904   _MEM_D_lockaddr
000108fc   _MEM_D_memtab
00010908   _MEM_D_unlockaddr
0000b580   _MEM_init
00010af0   _MEM_memtab
00010b2c   _OBJ_table
00012100   _PIP_A_TABBEG
000121c8   _PIP_A_TABEND
00000002   _PIP_A_TABLEN
000108ac   _PRD_D_tick
000123c8   _PRD_clock
0000bb40   _QUE_get
0000bb68   _QUE_put
00012368   _RTA_dispatcher
000122f0   _RTA_fromHost
00012304   _RTA_toHost
00010ca4   _RTDX_Buffer
000110b0   _RTDX_Buffer_End
0000fd40   _RTDX_Buffer_Initialize
00010268   _RTDX_Buffer_Read
000110ac   _RTDX_Buffer_Start
00010040   _RTDX_Buffer_Write
0000f6e8   _RTDX_Final_RT_Monitor
0000f660   _RTDX_Init_RT_Monitor
0000f710   _RTDX_IsFlowEnabled
00000002   _RTDX_JTAGONLY
000102c0   _RTDX_Mask_IER
0000fbd8   _RTDX_Mon_Queue
0000f724   _RTDX_Poll
000102d8   _RTDX_Set_IER
00000000   _RTDX_interrupt_mask
000110c0   _RTDX_writing
00010b10   _SDRAM
80000000   _SDRAM_base
00008000   _SDRAM_length
0000bc60   _SEM_pend
00009820   _SEM_pendEnterKnl
0000b240   _SEM_post
0000b320   _SEM_postEnterKnl
00012290   _STS_A_TABBEG
000122c0   _STS_A_TABEND
00000003   _STS_A_TABLEN
0000bbb0   _STS_add
0000bba0   _STS_delta
0000bbdc   _STS_reset
0000bea0   _STS_set
00010814   _SWI_D_curfxn
00010808   _SWI_D_curmask
0001081c   _SWI_D_lock
00010828   _SWI_D_rdybeg
0000be00   _SWI_post
0001090c   _SYS
00011ca0   _SYS_PUTCBEG
00011e9f   _SYS_PUTCEND
0000b400   _SYS_exit
00010c28   _SYS_exitStack
00010c80   _SYS_exitStackPtr
00010c84   _SYS_exitStackTop
0000e5e0   _TIMER_configArgs
0000dca0   _TIMER_open
0000dde0   _TIMER_reset
0000e680   _TIMER_start
000123b4   _TRC_R_mask
0000bcc0   _TRC_disable
0000bce0   _TRC_enable
0000bcfc   _TRC_query
00010b84   _TSK
00010bcc   _TSK_ATTRS
0000a7e0   _TSK_exit
00011fac   _TSK_idle
0000bae0   _TSK_init
00010c88   _TSK_nTasks
00010c8c   _TSK_pid
0000a5e0   _TSK_setup
0000ad54   _TSK_startup
00010be8   _TSK_timerSem
0000bd20   _UTL_doAbort
0000be80   _UTL_doError
0000bc00   _UTL_doPutc
0000be60   _UTL_halt
0000a190   __CLK_lat1beg
0000a1bc   __CLK_lat1end
0000d0c0   __CSL_init
00010b88   __HOOK_NUMHOOKS
00010b08   __HOOK_knlId
00008e20   __HWI_lat1beg
00008fcc   __HWI_lat1end
00008fcc   __HWI_lat2beg
0000915c   __HWI_lat2end1
000090e8   __HWI_lat2end2
000091a4   __HWI_lat3beg
0000924c   __HWI_lat3end1
00009120   __HWI_lat3end2
0000b960   __IDL_lat1beg
0000b9b0   __IDL_lat1end
00010678   __IRQ_dispatchTable
000105b4   __IRQ_eventTable
0000e6c0   __IRQ_hookFetchPacket
0000e4c0   __IRQ_init
00010638   __IRQ_intTable
0000b074   __KNL_lat1beg
0000b0f0   __KNL_lat1end
0000b8e0   __LOG_lat1beg
0000b924   __LOG_lat1end1
0000b950   __LOG_lat1end2
0001073c   __MCBSP_hDev0
00010740   __MCBSP_hDev1
0000bb40   __QUE_lat1beg
0000bb60   __QUE_lat1end
0000bb68   __QUE_lat2beg
0000bb80   __QUE_lat2end
00009b78   __RTA_lat1beg
00009bb0   __RTA_lat1end
0000a3e0   __SEM_dopost
00000400   __STACK_SIZE
00008394   __SWI_lat1beg
00008420   __SWI_lat1end1
000084dc   __SWI_lat1end2
00008580   __SWI_lat2beg
0000866c   __SWI_lat2end2
00008200   __SWI_lat3beg
00008288   __SWI_lat3end
00010794   __TIMER_deviceTable
000107b4   __TIMER_hBios
000107ac   __TIMER_hDev0
000107b0   __TIMER_hDev1
00010c04   __TSK_mutex
ffffffff   ___binit__
000107dc   ___bss__
000123d0   ___c_args__
0000e7a0   ___cinit__
00000000   ___data__
00000000   ___edata__
00010ca4   ___end__
0000e7a0   ___etext__
000123bc   ___pinit__
0000bf00   ___text__
0000ab80   __auto_init
00010704   __cleanup_ptr
00010708   __dtors_ptr
000107cc   __lock
0000e740   __nop
0000e760   __register_lock
0000e780   __register_unlock
0000e100   __remi
000110f0   __stack
0000e300   __strasg
000107d0   __unlock
0000e3e0   _atexit
00011bc0   _c_int00
00010300   _config
00010588   _hcodec
0000c6a0   _main
0000ce80   _memcpy
00010328   _out_buffer
000110b4   _rtdx_buffer_state
000110d4   _rtdx_mon_state
00010528   _sine_table
0000d2e0   _wait500nS
ffffffff   binit
0000e7a0   cinit
00000000   edata
00010ca4   end
0000e7a0   etext
00000000   hwi0
00000020   hwi1
00000140   hwi10
00000160   hwi11
00000180   hwi12
000001a0   hwi13
000001c0   hwi14
000001e0   hwi15
00000040   hwi2
00000060   hwi3
00000080   hwi4
000000a0   hwi5
000000c0   hwi6
000000e0   hwi7
00000100   hwi8
00000120   hwi9
000123bc   pinit


GLOBAL SYMBOLS: SORTED BY Symbol Address 

address    name
--------   ----
00000000   HST_DSM
00000000   MEM_NULL
00000000   DIO_STATIC
00000000   DPI$
00000000   ___data__
00000000   GBL_CACHE
00000000   HOOK_KNLID
00000000   GBL_BIGENDIAN
00000000   GBL_C641XL2PRIORITY
00000000   DEV$
00000000   DGN$
00000000   MBX$
00000000   RTDX_USERTEXECUTION
00000000   DHL$
00000000   DIO_NUMSWIBASE
00000000   DIO_NUMTSKBASE
00000000   DHL_gChannelsAvailable
00000000   DIO$
00000000   HOOK$
00000000   PRD_A_TABLEN
00000000   GBL_L2PRIORITY
00000000   GBL_L2MARMASK4
00000000   GBL_L2MARMASK5
00000000   GBL_NULL
00000000   PRD_A_TABEND
00000000   PRD_A_TABBEG
00000000   GBL_ROM
00000000   PIP_gNextId
00000000   PRD_SWIHANDLE
00000000   GBL_L2CONFIGALLOC
00000000   ___edata__
00000000   OBJ$
00000000   PIP$
00000000   GBL_L2MARMASK2
00000000   GBL_L2MARMASK3
00000000   GIO$
00000000   GBL_L2MARMASK1
00000000   CLK_TIMERNUM
00000000   CLK_COUNTSPMSHIGH
00000000   _CLK_TIMERNUM
00000000   _GBL_CACHE
00000000   HWI_A_VECS
00000000   TSK_SWITCHFXN
00000000   TSK_READYFXN
00000000   _CLK_TDDR
00000000   UDEV$
00000000   HWI_GENERATE_RESET_VEC
00000000   HWI_POLARITYMASK
00000000   HWI_RESET
00000000   _RTDX_interrupt_mask
00000000   .data
00000000   hwi0
00000000   edata
00000000   _HWI_RESET
00000000   BUF$
00000000   SWI_EHOOKFXN
00000000   SWI_IHOOKFXN
00000000   CLK_TDDR
00000000   CLK_PRDHIGH
00000000   SIO$
00000000   HST_NONE
00000000   TSK_NUM_HOOKS
00000000   SEM$
00000000   CLK_TDDRHIGH
00000001   HWI_NMI
00000001   IDL$
00000001   LOG_ENABLED
00000001   PRD$
00000001   HWI_ZEROTAB
00000001   HST_RTDX
00000001   MEM$
00000001   HWI$
00000001   HST$
00000001   ISRC$
00000001   LOG$
00000001   LOG_A_TABLEN
00000001   IDL_USECLKIDLTIME
00000001   LCK$
00000001   GBL_boot
00000001   SWI$
00000001   SWI_A_TABLEN
00000001   SYS$
00000001   RTDX_USERTDX
00000001   CLK_USETIMER
00000001   STS$
00000001   TSK$
00000001   CLK$
00000001   BUF_ENABLED
00000001   _LOG_A_TABLEN
00000001   TSK_PRIORITY
00000001   _CLK_USETIMER
00000001   _HWI_NMI
00000001   GBL_L2CONFIGURE
00000001   QUE$
00000001   GBL_ENABLEINST
00000001   GBL_USERINIT
00000001   GBL_SUPPORTCSL
00000001   GBL_L2MARMASK
00000001   RTDX_NORMALIZED_HDR
00000001   GBL$
00000001   GBL_CALLCSLCFGINIT
00000001   RTDX$
00000002   IDL_A_CALLEN
00000002   PIP_gNumEmbed
00000002   HWI_RESERVED0
00000002   _RTDX_JTAGONLY
00000002   HST_A_TABLEN
00000002   _PIP_A_TABLEN
00000002   _HST_A_TABLEN
00000002   PIP_A_TABLEN
00000002   MEM_gNumHeap
00000002   IDL_A_TABLEN
00000002   _HWI_RESERVED0
00000003   _STS_A_TABLEN
00000003   STS_A_TABLEN
00000003   _HWI_RESERVED1
00000003   HWI_RESERVED1
00000004   _HWI_INT4
00000004   HWI_INT4
00000005   HWI_INT5
00000005   _HWI_INT5
00000006   HWI_INT6
00000006   _HWI_INT6
00000007   GBL_L2MODE
00000007   _HWI_INT7
00000007   HWI_INT7
00000008   CLK_A_TABLEN
00000008   _HWI_INT8
00000008   HWI_INT8
00000009   HWI_INT9
00000009   _HWI_INT9
0000000a   _HWI_INT10
0000000a   HWI_INT10
0000000b   _HWI_INT11
0000000b   HWI_INT11
0000000c   HWI_INT12
0000000c   _HWI_INT12
0000000d   HWI_INT13
0000000d   _HWI_INT13
0000000e   _HWI_INT14
0000000e   HWI_INT14
0000000f   HWI_INT15
0000000f   _HWI_INT15
00000020   CLK_TCR
00000020   hwi1
00000040   hwi2
00000040   LOG_system$size
00000040   HST_MAXFRAMESET
00000042   GBL_FOOTPRINT
00000060   hwi3
00000080   hwi4
000000a0   hwi5
000000c0   hwi6
000000e0   hwi7
00000100   HST_MAXFRAMEALLOWED
00000100   hwi8
00000120   hwi9
00000140   hwi10
00000160   hwi11
00000180   hwi12
000001a0   hwi13
000001c0   hwi14
000001e0   hwi15
00000200   IRAM$B
00000200   _IRAM_base
00000400   TSK_STACKSIZE
00000400   HST_DSMMEMSIZE
00000400   __STACK_SIZE
00000408   RTDX_BUFMEMSIZE
00000490   GBL_A_VERSION
00002226   GBL_L2ALLOC
00004000   PRD_SCALAR
00004000   CLK_INTBIT
00008000   _IRAM_length
00008000   _SDRAM_length
00008000   SDRAM$L
00008000   IRAM$L
00008200   SWI_F_enable
00008200   __SWI_lat3beg
00008288   __SWI_lat3end
0000828c   SWI_F_post
00008394   __SWI_lat1beg
00008420   __SWI_lat1end1
00008424   SWI_F_exec
0000849c   SWI_EXECFXN
0000849c   SWI_F_iexec
000084dc   __SWI_lat1end2
00008580   __SWI_lat2beg
0000866c   __SWI_lat2end2
00008670   SWI_F_run
00008670   SWI_RUNFXN
000088e0   LNK_F_checkBufferCall
00008900   LNK_F_getChanPtr
0000894c   LNK_F_init
00008954   LNK_F_dataPump
00008960   LNK_rcloop
00008a10   LNK_rdrtry
00008a18   LNK_rrloop
00008ad0   LNK_wrrtry
00008ad8   LNK_wrloop
00008ba8   LNK_newin
00008cb8   LNK_newout
00008df8   LNK_F_readCallBack
00008e20   CLK_HOOKFXN
00008e20   HWI_F_dispatch
00008e20   _HWI_F_dispatch
00008e20   __HWI_lat1beg
00008fcc   __HWI_lat2beg
00008fcc   __HWI_lat1end
000090e8   __HWI_lat2end2
00009120   __HWI_lat3end2
0000915c   __HWI_lat2end1
000091a4   __HWI_lat3beg
0000924c   __HWI_lat3end1
00009260   PRD_F_swi
000094bc   PRD_F_tick
00009580   _KNL_run
00009820   _SEM_pendEnterKnl
00009ac0   RTA_F_getlog
00009b04   RTA_F_getsts
00009b4c   RTA_F_readblk
00009b6c   RTA_F_writeword
00009b78   RTA_F_resetmem
00009b78   __RTA_lat1beg
00009bb0   __RTA_lat1end
00009bb8   RTA_F_dispatch
00009bf8   RTA_execute
00009f78   _KNL_tick
00009f78   PRD_THOOKFXN
00009fa0   CLK_F_getfhtime
00009fc0   CLK_F_getshtime
00009fc0   CLK_TIMEFXN
00009fc0   CLK_F_gethtime
0000a034   CLK_F_getltime
0000a040   CLK_F_isr
0000a17c   _CLK_itime
0000a17c   CLK_F_itime
0000a17c   _CLK_F_itime
0000a190   __CLK_lat1beg
0000a1bc   __CLK_lat1end
0000a1c0   PIP_F_take
0000a254   PIP_F_probe
0000a254   PIP_F_give
0000a328   PIP_F_start
0000a3e0   __SEM_dopost
0000a5e0   _TSK_setup
0000a7e0   _TSK_exit
0000a9c0   _KNL_saveIsrFrame
0000aa8c   _KNL_switch
0000ab40   KNL_glue
0000ab80   __auto_init
0000ad54   _TSK_startup
0000ae40   _KNL_enter
0000aed0   _KNL_exit
0000af40   _GBL_cslCacheInit
0000b040   _KNL_check
0000b074   __KNL_lat1beg
0000b0f0   __KNL_lat1end
0000b0f0   _KNL_idle
0000b10c   _KNL_max
0000b140   IDL_F_calibrate
0000b240   _SEM_post
0000b320   _SEM_postEnterKnl
0000b400   _SYS_exit
0000b4c0   _KNL_post
0000b580   _MEM_init
0000b640   _LCK_post
0000b68c   _LCK_pend
0000b700   _CLK_start6x
0000b700   _CLK_start
0000b7a0   _KNL_ipost
0000b840   _ATM_andu
0000b840   _ATM_andi
0000b860   _ATM_clearu
0000b860   _ATM_cleari
0000b878   _ATM_decu
0000b878   _ATM_deci
0000b894   _ATM_incu
0000b894   _ATM_inci
0000b8b0   _ATM_oru
0000b8b0   _ATM_ori
0000b8cc   _ATM_setu
0000b8cc   _ATM_seti
0000b8e0   LOG_F_event
0000b8e0   _LOG_event
0000b8e0   __LOG_lat1beg
0000b924   __LOG_lat1end1
0000b950   __LOG_lat1end2
0000b960   __IDL_lat1beg
0000b960   IDL_F_busy
0000b9b0   __IDL_lat1end
0000b9e0   _GBL_cslInit
0000ba60   FXN_F_nop
0000ba68   _FXN_F_run
0000ba68   FXN_F_run
0000bab8   FXN_F_zero
0000bab8   _FXN_F_zero
0000bae0   _TSK_init
0000bb40   __QUE_lat1beg
0000bb40   _QUE_get
0000bb60   __QUE_lat1end
0000bb68   __QUE_lat2beg
0000bb68   _QUE_put
0000bb80   __QUE_lat2end
0000bba0   _STS_delta
0000bba0   STS_F_delta
0000bbb0   STS_F_add
0000bbb0   _STS_add
0000bbdc   STS_F_reset
0000bbdc   _STS_reset
0000bc00   SYS_PUTCFXN
0000bc00   _UTL_doPutc
0000bc60   _SEM_pend
0000bcc0   _TRC_disable
0000bce0   _TRC_enable
0000bcfc   _TRC_query
0000bd20   SYS_ABORTFXN
0000bd20   _UTL_doAbort
0000bd80   IDL_F_stub
0000bd80   IDL_CALIBRFXN
0000bdc0   RTA_F_andn
0000bde0   RTA_F_or
0000be00   _SWI_post
0000be40   GBL_F_version
0000be60   SYS_EXITFXN
0000be60   _UTL_halt
0000be80   _UTL_doError
0000be80   SYS_ERRORFXN
0000bea0   _STS_set
0000bec0   GIO_PENDFXN
0000bec0   GIO_POSTFXN
0000bec0   TSK_VEXITFXN
0000bec0   TSK_VDELETEFXN
0000bec0   TSK_VCREATEFXN
0000bec0   GIO_CREATEFXN
0000bec0   _FXN_F_nop
0000bec0   GIO_DELETEFXN
0000bee0   IDL_F_loop
0000bee0   _IDL_loop
0000bf00   ___text__
0000bf00   .text
0000bf4c   _DSK6713_init
0000c268   _DSK6713_rget
0000c27c   _DSK6713_rset
0000c290   _DSK6713_wait
0000c2e8   _DSK6713_waitusec
0000c314   _DSK6713_getVersion
0000c380   _DSK6713_AIC23_openCodec
0000c6a0   _main
0000c980   _CACHE_setL2Mode
0000cc40   _CACHE_wait
0000ce80   _memcpy
0000d0c0   __CSL_init
0000d2e0   _wait500nS
0000d308   _GBL_setPLLto225MHz
0000d308   GBL_USERINITFXN
0000d680   _DSK6713_LED_init
0000d6a8   _DSK6713_LED_off
0000d704   _DSK6713_LED_on
0000d760   _DSK6713_LED_toggle
0000d820   _MCBSP_reset
0000d9c0   _CACHE_clean
0000db40   _DSK6713_AIC23_rset
0000dbba   CLK_COUNTSPMS
0000dbba   CLK_PRD
0000dbba   _CLK_PRD
0000dbba   _CLK_COUNTSPMS
0000dbdc   _DSK6713_AIC23_rget
0000dbef   GBL_TRCMASKVALUE
0000dc00   _DSK6713_AIC23_config
0000dca0   _TIMER_open
0000dde0   _TIMER_reset
0000df00   _CACHE_wbInvL1d
0000e000   _MCBSP_start
0000e100   __remi
0000e200   _MCBSP_open
0000e300   __strasg
0000e3e0   _atexit
0000e4c0   __IRQ_init
0000e560   _DSK6713_DIP_init
0000e568   _DSK6713_DIP_get
0000e5e0   _TIMER_configArgs
0000e640   _IRQ_enable
0000e680   _TIMER_start
0000e6c0   __IRQ_hookFetchPacket
0000e6e0   _CSL_cfgInit
0000e700   _IRQ_globalRestore
0000e720   _IRQ_globalDisable
0000e740   __nop
0000e760   __register_lock
0000e780   __register_unlock
0000e7a0   etext
0000e7a0   ___etext__
0000e7a0   cinit
0000e7a0   ___cinit__
0000f660   _RTDX_Init_RT_Monitor
0000f6e8   _RTDX_Final_RT_Monitor
0000f710   _RTDX_IsFlowEnabled
0000f724   _RTDX_Poll
0000fbd8   _RTDX_Mon_Queue
0000fd40   _RTDX_Buffer_Initialize
00010040   _RTDX_Buffer_Write
00010268   _RTDX_Buffer_Read
000102c0   _RTDX_Mask_IER
000102d8   _RTDX_Set_IER
00010300   _config
00010328   _out_buffer
00010528   _sine_table
00010588   _hcodec
000105b4   __IRQ_eventTable
00010638   __IRQ_intTable
00010678   __IRQ_dispatchTable
00010704   __cleanup_ptr
00010708   __dtors_ptr
0001073c   __MCBSP_hDev0
00010740   __MCBSP_hDev1
00010794   __TIMER_deviceTable
000107ac   __TIMER_hDev0
000107b0   __TIMER_hDev1
000107b4   __TIMER_hBios
000107c4   _DSK6713_AIC23_codeccontrolhandle
000107c8   _DSK6713_AIC23_codecdatahandle
000107cc   __lock
000107d0   __unlock
000107da   _DSK6713_version
000107dc   IDL_D_tabbeg
000107dc   ___bss__
000107dc   $bss
000107dc   .bss
000107e0   IDL_D_calibrate
000107e4   IDL_D_calbeg
000107e8   _LOG_D_system
000107e8   LOG_D_system
000107ec   PIP_D_tabbeg
000107f0   PIP_D_tablen
000107f4   CLK_R_time
000107f8   CLK_D_timefxn
000107fc   CLK_D_tabbeg
00010800   CLK_D_isrhook
00010804   CLK_D_idletime
00010808   SWI_D_curmask
00010808   _SWI_D_curmask
0001080c   SWI_D_curset
00010810   SWI_D_pending
00010814   _SWI_D_curfxn
00010814   SWI_D_curfxn
00010818   SWI_D_curmbox
0001081c   SWI_D_lock
0001081c   _SWI_D_lock
00010820   SWI_D_execaddr
00010824   SWI_D_runaddr
00010828   _SWI_D_rdybeg
00010828   SWI_D_rdybeg
0001082c   SWI_D_ihook
00010830   SWI_D_ehook
00010834   SWI_D_rdytab
000108ac   PRD_D_tick
000108ac   _PRD_D_tick
000108b0   PRD_D_cur
000108b4   PRD_D_elapsed
000108b8   PRD_D_prevtim
000108bc   PRD_D_scalar
000108c0   PRD_D_swihandle
000108c4   PRD_D_tabbeg
000108c8   PRD_D_tablen
000108cc   PRD_D_thook
000108d0   RTA_D_fromHost
000108d4   RTA_D_toHost
000108d8   RTA_D_logval
000108e8   RTA_D_stsval
000108f4   HST_D_chanmask
000108f8   _MEM_D_NUMSEGMENTS
000108fc   _MEM_D_memtab
00010900   _MEM_D_freelist
00010904   _MEM_D_lockaddr
00010908   _MEM_D_unlockaddr
0001090c   _SYS
00010910   _HWI_dispatchTab
00010a10   _KNL_queues
00010ab0   _KNL_dummy
00010ae8   _KNL_swiptr
00010aec   _KNL_idlefxn
00010af0   _MEM_memtab
00010b08   __HOOK_knlId
00010b0c   MEM_MALLOCSEG
00010b0c   TSK_STACKSEG
00010b0c   MEM_SEGZERO
00010b0c   _IRAM
00010b0c   HST_DSMBUFSEG
00010b0c   RTDX_DATAMEMSEG
00010b0c   IRAM
00010b10   _SDRAM
00010b10   SDRAM
00010b14   RTA_fromHost$pipe$dtab
00010b20   RTA_toHost$pipe$dtab
00010b2c   _OBJ_table
00010b84   _TSK
00010b88   __HOOK_NUMHOOKS
00010b8c   _KNL_wFlag
00010b90   _KNL_wList
00010b94   _KNL_alarm
00010b98   _KNL_setpri
00010b9c   _KNL_inactive
00010ba0   _KNL_priority
00010ba4   _KNL_set
00010ba8   _KNL_curtask
00010bac   _KNL_prevtask
00010bb0   _KNL_curtime
00010bb4   _KNL_curqueue
00010bb8   _KNL_maxqueue
00010bbc   _KNL_tswitchfxn
00010bc0   _KNL_tcreatefxn
00010bc4   _KNL_tdeletefxn
00010bc8   _KNL_treadyfxn
00010bcc   _TSK_ATTRS
00010be8   _TSK_timerSem
00010c04   __TSK_mutex
00010c28   _SYS_exitStack
00010c48   LNK_dspFrameRequestMask
00010c4c   LNK_dspFrameReadyMask
00010c50   LNK_readPend
00010c54   LNK_readDone
00010c58   LNK_readFail
00010c5c   LNK_writeFail
00010c78   _GBL_irqEventTable
00010c7c   _GBL_irqIntTable
00010c80   _SYS_exitStackPtr
00010c84   _SYS_exitStackTop
00010c88   _TSK_nTasks
00010c8c   _TSK_pid
00010c90   HWI_D_ccmask
00010c94   _HWI_D_spsave
00010c98   IDL_D_busyObj
00010c9c   _GBL_cslTimerHandle
00010ca0   _MEM
00010ca4   end
00010ca4   _RTDX_Buffer
00010ca4   ___end__
000110ac   _RTDX_Buffer_Start
000110b0   _RTDX_Buffer_End
000110b4   _rtdx_buffer_state
000110c0   _RTDX_writing
000110d4   _rtdx_mon_state
000110f0   _HWI_STKTOP
000110f0   GBL_stackbeg
000110f0   __stack
000114e8   _HWI_STKBOTTOM
000114ef   GBL_stackend
000114f0   TSK_idle$stack
00011888   TSK_idle$stkptr
000118f0   RTA_fromHost$buf
00011900   BIOS_init
00011900   _BIOS_init
00011a8c   BIOS$$CLKON
00011abc   BIOS$$CLKOFF
00011b1c   BIOS_start
00011b1c   _BIOS_start
00011bc0   _c_int00
00011ca0   _SYS_PUTCBEG
00011e9f   _SYS_PUTCEND
00011ea0   RTA_toHost$buf
00011fac   TSK_idle
00011fac   _TSK_idle
00012000   LOG_system$buf
00012100   RTA_fromHost$pipe
00012100   PIP_A_TABBEG
00012100   _PIP_A_TABBEG
00012104   RTA_fromHost$pipe$rd
00012130   RTA_fromHost$pipe$aaa
00012134   RTA_fromHost$pipe$wr
00012160   RTA_fromHost$pipe$bbb
00012164   RTA_toHost$pipe
00012168   RTA_toHost$pipe$rd
00012194   RTA_toHost$pipe$aaa
00012198   RTA_toHost$pipe$wr
000121c4   RTA_toHost$pipe$bbb
000121c8   PIP_A_TABEND
000121c8   _PIP_A_TABEND
00012290   KNL_swi$sts$stsobj
00012290   STS_A_TABBEG
00012290   _STS_A_TABBEG
00012294   KNL_swi$sts
000122a0   TSK_idle$sts$stsobj
000122a4   TSK_idle$sts
000122b0   IDL_busyObj$stsobj
000122b4   _IDL_busyObj
000122b4   IDL_busyObj
000122c0   KNL_swi
000122c0   _STS_A_TABEND
000122c0   STS_A_TABEND
000122c0   SWI_A_TABBEG
000122c0   _KNL_swi
000122ec   SWI_A_TABEND
000122ec   HST_A_TABBEG
000122ec   _HST_A_TABBEG
000122f0   RTA_fromHost
000122f0   _RTA_fromHost
000122f8   RTA_fromHost$rtdx
00012304   _RTA_toHost
00012304   RTA_toHost
0001230c   RTA_toHost$rtdx
00012318   _HST_A_TABEND
00012318   HST_A_TABEND
00012368   RTA_dispatcher
00012368   IDL_A_TABBEG
00012368   _RTA_dispatcher
0001236c   IDL_cpuLoad
0001236c   _IDL_cpuLoad
00012370   LNK_dataPump
00012370   _LNK_dataPump
00012374   IDL_END
00012378   IDL_A_TABEND
00012378   IDL_A_CALBEG
00012378   RTA_dispatcher$
0001237c   IDL_cpuLoad$
00012380   LNK_dataPump$
00012384   IDL_END$
00012388   _LOG_A_TABBEG
00012388   _LOG_system
00012388   IDL_A_CALEND
00012388   LOG_system
00012388   LOG_A_TABBEG
000123a0   _LOG_A_TABEND
000123a0   SYS$config
000123a0   LOG_A_TABEND
000123b0   TRC_cinit
000123b4   TRC_R_mask
000123b4   _TRC_R_mask
000123b8   GBL_initdone
000123bc   ___pinit__
000123bc   pinit
000123c8   _PRD_clock
000123c8   CLK_A_TABBEG
000123c8   PRD_clock
000123cc   CLK_null
000123d0   ___c_args__
000123d0   CLK_A_TABEND
01940000   CLK_REGS
01940000   _CLK_REGS
082039a3   HWI_INTRMULTHIGH
310718a4   HWI_INTRMULTLOW
80000000   _SDRAM_base
80000000   SDRAM$B
ffffffff   _CACHE_L2
UNDEFED _DSK6713_AIC32_write
ffffffff   CACHE_L2
ffffffff   ___binit__
ffffffff   binit

[648 symbols]
